// Jest Snapshot v1, https://goo.gl/fbAQLP

exports[`PageNotFound Snapshot Testing... renders component correctly 1`] = `
<div
  id="errorPage404Component"
>
  <center>
    <h1
      id="text404"
    >
      Page Not Found 404
    </h1>
  </center>
</div>
`;
